// Jest Snapshot v1, https://goo.gl/fbAQLP

exports[`App should render 1`] = `
<DocumentFragment>
  <div
    class="App"
  >
    <h1>
      TAMASHFLIX
    </h1>
    <div
      class="card"
    >
      <button
        type="button"
      >
        Count is 0
      </button>
    </div>
    <button
      class="MuiButtonBase-root MuiButton-root MuiButton-contained MuiButton-containedSuccess MuiButton-sizeMedium MuiButton-containedSizeMedium MuiButton-root MuiButton-contained MuiButton-containedSuccess MuiButton-sizeMedium MuiButton-containedSizeMedium css-ke5b6m-MuiButtonBase-root-MuiButton-root"
      tabindex="0"
      type="button"
    >
      Reset the count
      <span
        class="MuiTouchRipple-root css-8je8zh-MuiTouchRipple-root"
      />
    </button>
    <p
      class="read-the-docs"
    >
      Basic homepage for TAMASHFLIX
    </p>
  </div>
</DocumentFragment>
`;
